2026-06-29 02:04:03,260 | INFO | Training field classifier: StatusId
2026-06-29 02:04:03,265 | INFO | Candidates (42): ['Критика деятельности должностных лиц', 'Критика деятельности государственных органов', 'Критика деятельности органов местного самоуправления', 'Просьба гражданина о содействии в реализации его конституционных прав', 'Сообщение гражданина о недостатках в работе должностных лиц', 'Просьба гражданина о содействии в реализации его конституционных свобод', 'Просьба гражданина о содействии в реализации конституционных прав других лиц', 'Просьба гражданина о содействии в реализации конституционных свобод других лиц', 'Сообщение гражданина о нарушении законов', 'Сообщение гражданина о нарушении иных нормативных правовых актов', 'Сообщение гражданина о недостатках в работе государственных органов', 'Сообщение гражданина о недостатках в работе органов местного самоуправления', 'Жалоба на действие (бездействие) должностных и уполномоченных лиц', 'Просьба гражданина о восстановлении или защите нарушенных прав других лиц', 'Жалоба гражданина на преследование за обращение', 'Просьба гражданина о восстановлении или защите его нарушенных законных интересов', 'Просьба гражданина о восстановлении или защите его нарушенных прав', 'Просьба гражданина о восстановлении или защите его нарушенных свобод', 'Просьба гражданина о восстановлении или защите нарушенных законных интересов других лиц', 'Просьба гражданина о восстановлении или защите нарушенных свобод других лиц', 'Благодарность', 'Запрос информации по 59-ФЗ', 'Запрос информации по 8-ФЗ', 'Приглашение', 'Материалы на ознакомление', 'Петиция', 'Поздравление', 'Просьба, не основанная на законе', 'Оценка деятельности', 'Соболезнование', 'Текст, не имеющий смысла', 'Ходатайство', 'Рекомендации гражданина по развитию общественных отношений', 'Рекомендации гражданина по совершенствованию деятельности государственных органов', 'Рекомендации гражданина по совершенствованию деятельности органов местного самоуправления', 'Рекомендации гражданина по совершенствованию законов', 'Рекомендации гражданина по совершенствованию иных нормативных правовых актов', 'Рекомендации гражданина по улучшению иных сфер деятельности государства', 'Рекомендации гражданина по улучшению иных сфер деятельности общества', 'Рекомендации гражданина по улучшению социально-экономической сферы деятельности государства', 'Рекомендации гражданина по улучшению социально-экономической сферы деятельности общества', 'не определяется']
2026-06-29 02:04:03,341 | INFO | Train: 1203 | Val: 137
2026-06-29 02:04:03,341 | INFO | Class distribution (train): {'Просьба гражданина о содействии в реализации его конституционных прав': 1173, 'Просьба гражданина о содействии в реализации конституционных прав других лиц': 1, 'Сообщение гражданина о недостатках в работе государственных органов': 2, 'Запрос информации по 59-ФЗ': 27}
2026-06-29 02:13:16,834 | INFO |   Epoch 1/5 | loss=0.0417 | acc=99.1%
2026-06-29 02:15:46,447 | INFO |   Val accuracy: 0.9489
2026-06-29 02:15:48,457 | INFO |   [UPD] Best model saved (acc=0.9489)
2026-06-29 02:24:59,855 | INFO |   Epoch 2/5 | loss=0.0113 | acc=99.8%
2026-06-29 02:27:29,832 | INFO |   Val accuracy: 0.9489
2026-06-29 02:36:41,278 | INFO |   Epoch 3/5 | loss=0.0054 | acc=99.9%
2026-06-29 02:39:09,817 | INFO |   Val accuracy: 0.9489
2026-06-29 02:48:21,422 | INFO |   Epoch 4/5 | loss=0.0031 | acc=99.9%
2026-06-29 02:50:51,992 | INFO |   Val accuracy: 0.9562
2026-06-29 02:50:53,883 | INFO |   [UPD] Best model saved (acc=0.9562)
2026-06-29 03:00:05,205 | INFO |   Epoch 5/5 | loss=0.0011 | acc=100.0%
2026-06-29 03:02:35,471 | INFO |   Val accuracy: 0.9635
2026-06-29 03:02:37,510 | INFO |   [UPD] Best model saved (acc=0.9635)
2026-06-29 03:02:37,510 | INFO | 
Done. Best val accuracy: 0.9635
2026-06-29 03:02:37,510 | INFO | Model saved to: ..\..\models\KERYX_field_StatusId
