2026-06-29 01:43:39,477 | INFO | Training field classifier: RegistrationPlaceId
2026-06-29 01:43:39,477 | INFO | Candidates (9): ['Калининский район Челябинского городского округа', 'Курчатовский район Челябинского городского округа', 'Ленинский район Челябинского городского округа', 'Металлургический район Челябинского городского округа', 'Советский район Челябинского городского округа', 'Тракторозаводский район Челябинского городского округа', 'Центральный район Челябинского городского округа', 'Иное', 'не определяется']
2026-06-29 01:43:39,559 | INFO | Train: 1204 | Val: 136
2026-06-29 01:43:39,560 | INFO | Class distribution (train): {'Советский район Челябинского городского округа': 178, 'Ленинский район Челябинского городского округа': 206, 'Калининский район Челябинского городского округа': 105, 'Курчатовский район Челябинского городского округа': 135, 'Иное': 240, 'Центральный район Челябинского городского округа': 123, 'Металлургический район Челябинского городского округа': 73, 'Тракторозаводский район Челябинского городского округа': 140, 'Копейский городской округ': 3, 'Сосновский муниципальный район': 1}
2026-06-29 01:46:34,813 | INFO |   Epoch 1/5 | loss=0.5389 | acc=79.3%
2026-06-29 01:47:06,057 | INFO |   Val accuracy: 0.3088
2026-06-29 01:47:08,087 | INFO |   [UPD] Best model saved (acc=0.3088)
2026-06-29 01:50:00,789 | INFO |   Epoch 2/5 | loss=0.4332 | acc=83.1%
2026-06-29 01:50:32,241 | INFO |   Val accuracy: 0.3529
2026-06-29 01:50:34,288 | INFO |   [UPD] Best model saved (acc=0.3529)
2026-06-29 01:53:27,300 | INFO |   Epoch 3/5 | loss=0.3890 | acc=84.4%
2026-06-29 01:53:58,871 | INFO |   Val accuracy: 0.3824
2026-06-29 01:54:00,826 | INFO |   [UPD] Best model saved (acc=0.3824)
2026-06-29 01:56:53,928 | INFO |   Epoch 4/5 | loss=0.3505 | acc=85.9%
2026-06-29 01:57:25,450 | INFO |   Val accuracy: 0.3897
2026-06-29 01:57:27,416 | INFO |   [UPD] Best model saved (acc=0.3897)
2026-06-29 02:00:20,576 | INFO |   Epoch 5/5 | loss=0.2850 | acc=88.8%
2026-06-29 02:00:52,468 | INFO |   Val accuracy: 0.4559
2026-06-29 02:00:54,365 | INFO |   [UPD] Best model saved (acc=0.4559)
2026-06-29 02:00:54,365 | INFO | 
Done. Best val accuracy: 0.4559
2026-06-29 02:00:54,365 | INFO | Model saved to: ..\..\models\KERYX_field_RegistrationPlaceId
