2026-06-29 03:13:37,072 | INFO | Training field classifier: DeliveryTypeId
2026-06-29 03:13:37,072 | INFO | Candidates (58): ['Администрация Курчатовского района', 'Администрация Калининского района', 'КТОС', 'Депутат Законодательного собрания', 'Администрация Ленинского района', 'Администрация Металлургического района', 'Администрация Советского района', 'Администрация Тракторозаводского района', 'Администрация Центрального района', 'Администрация Президента РФ', 'Главный Федеральный инспектор', 'Горячая линия Единой России', 'Государственная Дума', 'Заявитель (ГИС ЖКХ)', 'Заявитель (почтовым отправлением)', 'Заявитель (электронная почта)', 'Губернатор Челябинской области', 'Законодательное собрание Челябинской области', 'Заявитель (лично)', 'Депутат городской Думы', 'Депутат Государственной Думы', 'Заявитель (Интернет-приемная)', 'Заявитель (ОНФ.Помощь)', 'Заявитель (ПОС)', 'Калининский районный суд', 'Курчатовский районный суд', 'Общественные приемные', 'Органы обеспечения безопасности', 'Прокуратура Металлургического района г. Челябинска', 'Прокуратура Тракторозаводского района г. Челябинска', 'Прокуратура Центрального района г. Челябинска', 'Прокуратура Челябинской области', 'Советы ветеранов войны и труда', 'Суд Металлургического района', 'Уполномоченные по правам', 'Центральный районный суд', 'Челябинская городская Дума', 'Челябинский Областной суд', 'Ленинский районный суд', 'Некоммерческие, общественные организации', 'Органы исполнительной власти ЧО', 'Органы юстиции', 'Полномочный представитель Президента РФ в УрФО', 'Правительство области ‒ Администрация Президента', 'Правительство РФ, министерства РФ', 'Правительство Челябинской области', 'Приемная, члены Совета Федерации', 'Приемная Президента РФ в УрФО', 'Приемная Президента РФ по Челябинской области', 'Прокуратура города Челябинска', 'Прокуратура Калининского района г. Челябинска', 'Прокуратура Курчатовского района г. Челябинска', 'Прокуратура Ленинского района г. Челябинска', 'Прокуратура Советского района г. Челябинска', 'Прочие организации', 'Советский районный суд', 'Тракторозаводский районный суд', 'не определяется']
2026-06-29 03:13:37,149 | INFO | Train: 1197 | Val: 143
2026-06-29 03:13:37,150 | INFO | Class distribution (train): {'Заявитель (Интернет-приемная)': 334, 'Депутат городской Думы': 1, 'Заявитель (электронная почта)': 177, 'Заявитель (ОНФ.Помощь)': 374, 'Правительство области ‒ Администрация Президента': 54, 'Правительство Челябинской области': 85, 'Заявитель (лично)': 32, 'Прочие организации': 34, 'Прокуратура города Челябинска': 20, 'Челябинская городская Дума': 13, 'Прокуратура Калининского района г. Челябинска': 4, 'Органы исполнительной власти ЧО': 35, 'Главный Федеральный инспектор': 9, 'Прокуратура Курчатовского района г. Челябинска': 1, 'Заявитель (почтовым отправлением)': 8, 'Прокуратура Челябинской области': 1, 'Прокуратура Тракторозаводского района г. Челябинска': 2, 'Прокуратура Ленинского района г. Челябинска': 3, 'Администрация Курчатовского района': 2, 'Депутат Законодательного собрания': 1, 'Депутат Государственной Думы': 2, 'Прокуратура Советского района г. Челябинска': 2, 'Органы обеспечения безопасности': 2, 'Прокуратура Центрального района г. Челябинска': 1}
2026-06-29 03:22:47,672 | INFO |   Epoch 1/5 | loss=0.1270 | acc=97.1%
2026-06-29 03:26:20,366 | INFO |   Val accuracy: 0.7832
2026-06-29 03:26:22,435 | INFO |   [UPD] Best model saved (acc=0.7832)
2026-06-29 03:35:30,846 | INFO |   Epoch 2/5 | loss=0.0302 | acc=99.3%
2026-06-29 03:39:00,744 | INFO |   Val accuracy: 0.8811
2026-06-29 03:39:02,763 | INFO |   [UPD] Best model saved (acc=0.8811)
2026-06-29 03:48:11,095 | INFO |   Epoch 3/5 | loss=0.0119 | acc=99.7%
2026-06-29 03:51:40,264 | INFO |   Val accuracy: 0.8951
2026-06-29 03:51:42,280 | INFO |   [UPD] Best model saved (acc=0.8951)
2026-06-29 04:00:49,997 | INFO |   Epoch 4/5 | loss=0.0065 | acc=99.9%
2026-06-29 04:04:20,410 | INFO |   Val accuracy: 0.8741
2026-06-29 04:13:27,928 | INFO |   Epoch 5/5 | loss=0.0021 | acc=99.9%
2026-06-29 04:16:57,487 | INFO |   Val accuracy: 0.8811
2026-06-29 04:16:57,488 | INFO | 
Done. Best val accuracy: 0.8951
2026-06-29 04:16:57,488 | INFO | Model saved to: ..\..\models\KERYX_field_DeliveryTypeId
